../Drivers/CMSIS/Include/core_cm7.h:2229:22:SCB_EnableICache	4	static,ignoring_inline_asm
../Drivers/CMSIS/Include/core_cm7.h:2281:22:SCB_EnableDCache	24	static,ignoring_inline_asm
../Core/Src/main.c:178:5:main	104	static
../Core/Src/main.c:290:6:SystemClock_Config	88	static
../Core/Src/main.c:343:13:MX_CRC_Init	8	static
../Core/Src/main.c:374:13:MX_DMA2D_Init	8	static
../Core/Src/main.c:411:13:MX_I2C3_Init	8	static
../Core/Src/main.c:459:13:MX_LTDC_Init	64	static
../Core/Src/main.c:521:13:MX_QUADSPI_Init	8	static
../Core/Src/main.c:556:13:MX_TIM8_Init	112	static
../Core/Src/main.c:635:13:MX_USART1_UART_Init	8	static
../Core/Src/main.c:670:13:MX_USART6_UART_Init	8	static
../Core/Src/main.c:703:13:MX_DMA_Init	16	static
../Core/Src/main.c:717:13:MX_FMC_Init	40	static
../Core/Src/main.c:826:13:MX_GPIO_Init	72	static
../Core/Src/main.c:876:6:StartDefaultTask	16	static
../Core/Src/main.c:894:6:StartHardwareTask	16	static
../Core/Src/main.c:912:6:StartGFXTask	16	static
../Core/Src/main.c:934:6:StartTaskUartMsg	16	static
../Core/Src/main.c:970:6:HAL_TIM_PeriodElapsedCallback	16	static
../Core/Src/main.c:987:6:Error_Handler	4	static,ignoring_inline_asm
